// Jest Snapshot v1, https://goo.gl/fbAQLP

exports[`TheFooter.vue should match with snapshot 1`] = `
<footer
  class="v-footer v-sheet theme--light v-footer--fixed v-footer--padless footing"
  style="left: 0px; right: 0px; bottom: 0px;"
>
  <span
    class="mx-auto my-1 text-center white--text"
  >
    <strong>
      Nuxt.js Showcase
    </strong>
    
    (1.0.0) 2021
  
  </span>
</footer>
`;
